// Jest Snapshot v1, https://goo.gl/fbAQLP

exports[`BigFiatText.vue should render correctly 1`] = `
<div
  class="c-big-fiat-text"
>
  $12,345.00
</div>
`;
